pdsv-hardware.c:169:6:vHardwareExecuteErrorLoop	0	static,ignoring_inline_asm
pdsv-hardware.c:57:13:vHardwareCheckMainMonitor	16	static,ignoring_inline_asm
pdsv-hardware.c:83:13:vHardwareCheckCaptureUnit	8	static
pdsv-hardware.c:103:13:vHardwareCheckInitialFlags	8	static
pdsv-hardware.c:158:13:vHardwareCheckUnexpectedInterrupt	8	static
pdsv-hardware.c:40:13:vHardwareCheckTimerMonitor	8	static
pdsv-hardware.c:193:6:vHardwareInitialize	24	static
pdsv-hardware.c:730:6:TIM1_UP_TIM16_IRQHandler	8	static
pdsv-hardware.c:760:6:TIM2_IRQHandler	16	static
pdsv-hardware.c:797:6:USART1_IRQHandler	8	static
pdsv-hardware.c:862:6:FDCAN1_intr0_IRQHandler	136	static
pdsv-hardware.c:1008:6:DMA1_Channel1_IRQHandler	8	static
pdsv-hardware.c:1031:6:NMI_Handler	8	static
pdsv-hardware.c:1034:6:HardFault_Handler	8	static
pdsv-hardware.c:1037:6:MemManage_Handler	8	static
pdsv-hardware.c:1040:6:BusFault_Handler	8	static
pdsv-hardware.c:1043:6:UsageFault_Handler	8	static
pdsv-hardware.c:1046:6:SVC_Handler	8	static
pdsv-hardware.c:1049:6:DebugMon_Handler	8	static
pdsv-hardware.c:1052:6:PendSV_Handler	8	static
pdsv-hardware.c:1055:6:SysTick_Handler	8	static
pdsv-hardware.c:1058:6:WWDG_IRQHandler	8	static
pdsv-hardware.c:1061:6:PVD_PVM_IRQHandler	8	static
pdsv-hardware.c:1064:6:RTC_TAMP_LSECSS_IRQHandler	8	static
pdsv-hardware.c:1067:6:RTC_WKUP_IRQHandler	8	static
pdsv-hardware.c:1070:6:FLASH_IRQHandler	8	static
pdsv-hardware.c:1073:6:RCC_IRQHandler	8	static
pdsv-hardware.c:1076:6:EXTI0_IRQHandler	8	static
pdsv-hardware.c:1079:6:EXTI1_IRQHandler	8	static
pdsv-hardware.c:1082:6:EXTI2_IRQHandler	8	static
pdsv-hardware.c:1085:6:EXTI3_IRQHandler	8	static
pdsv-hardware.c:1088:6:EXTI4_IRQHandler	8	static
pdsv-hardware.c:1091:6:DMA1_Channel2_IRQHandler	8	static
pdsv-hardware.c:1094:6:DMA1_Channel3_IRQHandler	8	static
pdsv-hardware.c:1097:6:DMA1_Channel4_IRQHandler	8	static
pdsv-hardware.c:1100:6:DMA1_Channel5_IRQHandler	8	static
pdsv-hardware.c:1103:6:DMA1_Channel6_IRQHandler	8	static
pdsv-hardware.c:1106:6:DMA1_Channel7_IRQHandler	8	static
pdsv-hardware.c:1109:6:ADC1_2_IRQHandler	8	static
pdsv-hardware.c:1112:6:USB_HP_IRQHandler	8	static
pdsv-hardware.c:1115:6:USB_LP_IRQHandler	8	static
pdsv-hardware.c:1118:6:FDCAN1_intr1_IRQHandler	8	static
pdsv-hardware.c:1121:6:EXTI9_5_IRQHandler	8	static
pdsv-hardware.c:1124:6:TIM1_BRK_TIM15_IRQHandler	8	static
pdsv-hardware.c:1127:6:TIM1_TRG_COM_TIM17_IRQHandler	8	static
pdsv-hardware.c:1130:6:TIM1_CC_IRQHandler	8	static
pdsv-hardware.c:1133:6:TIM3_IRQHandler	8	static
pdsv-hardware.c:1136:6:TIM4_IRQHandler	8	static
pdsv-hardware.c:1139:6:I2C1_EV_IRQHandler	8	static
pdsv-hardware.c:1142:6:I2C1_ER_IRQHandler	8	static
pdsv-hardware.c:1145:6:I2C2_EV_IRQHandler	8	static
pdsv-hardware.c:1148:6:I2C2_ER_IRQHandler	8	static
pdsv-hardware.c:1151:6:SPI1_IRQHandler	8	static
pdsv-hardware.c:1154:6:SPI2_IRQHandler	8	static
pdsv-hardware.c:1157:6:USART2_IRQHandler	8	static
pdsv-hardware.c:1160:6:USART3_IRQHandler	8	static
pdsv-hardware.c:1163:6:EXTI15_10_IRQHandler	8	static
pdsv-hardware.c:1166:6:RTC_Alarm_IRQHandler	8	static
pdsv-hardware.c:1169:6:USBWakeUp_IRQHandler	8	static
pdsv-hardware.c:1172:6:TIM8_BRK_IRQHandler	8	static
pdsv-hardware.c:1175:6:TIM8_UP_IRQHandler	8	static
pdsv-hardware.c:1178:6:TIM8_TRG_COM_IRQHandler	8	static
pdsv-hardware.c:1181:6:TIM8_CC_IRQHandler	8	static
pdsv-hardware.c:1184:6:ADC3_IRQHandler	8	static
pdsv-hardware.c:1187:6:FMC_IRQHandler	8	static
pdsv-hardware.c:1190:6:LPTIM1_IRQHandler	8	static
pdsv-hardware.c:1193:6:TIM5_IRQHandler	8	static
pdsv-hardware.c:1196:6:SPI3_IRQHandler	8	static
pdsv-hardware.c:1199:6:UART4_IRQHandler	8	static
pdsv-hardware.c:1202:6:UART5_IRQHandler	8	static
pdsv-hardware.c:1205:6:TIM6_DAC_IRQHandler	8	static
pdsv-hardware.c:1208:6:TIM7_DAC_IRQHandler	8	static
pdsv-hardware.c:1211:6:DMA2_Channel1_IRQHandler	8	static
pdsv-hardware.c:1214:6:DMA2_Channel2_IRQHandler	8	static
pdsv-hardware.c:1217:6:DMA2_Channel3_IRQHandler	8	static
pdsv-hardware.c:1220:6:DMA2_Channel4_IRQHandler	8	static
pdsv-hardware.c:1223:6:DMA2_Channel5_IRQHandler	8	static
pdsv-hardware.c:1226:6:ADC4_IRQHandler	8	static
pdsv-hardware.c:1229:6:ADC5_IRQHandler	8	static
pdsv-hardware.c:1232:6:UCPD1_IRQHandler	8	static
pdsv-hardware.c:1235:6:COMP1_2_3_IRQHandler	8	static
pdsv-hardware.c:1238:6:COMP4_5_6_IRQHandler	8	static
pdsv-hardware.c:1241:6:COMP7_IRQHandler	8	static
pdsv-hardware.c:1244:6:HRTIM_Master_IRQHandler	8	static
pdsv-hardware.c:1247:6:HRTIM_TIMA_IRQHandler	8	static
pdsv-hardware.c:1250:6:HRTIM_TIMB_IRQHandler	8	static
pdsv-hardware.c:1253:6:HRTIM_TIMC_IRQHandler	8	static
pdsv-hardware.c:1256:6:HRTIM_TIMD_IRQHandler	8	static
pdsv-hardware.c:1259:6:HRTIM_TIME_IRQHandler	8	static
pdsv-hardware.c:1262:6:HRTIM_TIM_FLT_IRQHandler	8	static
pdsv-hardware.c:1265:6:HRTIM_TIMF_IRQHandler	8	static
pdsv-hardware.c:1268:6:CRS_IRQHandler	8	static
pdsv-hardware.c:1271:6:SAI1_IRQHandler	8	static
pdsv-hardware.c:1274:6:TIM20_BRK_IRQHandler	8	static
pdsv-hardware.c:1277:6:TIM20_UP_IRQHandler	8	static
pdsv-hardware.c:1280:6:TIM20_TRG_COM_IRQHandler	8	static
pdsv-hardware.c:1283:6:TIM20_CC_IRQHandler	8	static
pdsv-hardware.c:1286:6:FPU_IRQHandler	8	static
pdsv-hardware.c:1289:6:I2C4_EV_IRQHandler	8	static
pdsv-hardware.c:1292:6:I2C4_ER_IRQHandler	8	static
pdsv-hardware.c:1295:6:SPI4_IRQHandler	8	static
pdsv-hardware.c:1298:6:AES_IRQHandler	8	static
pdsv-hardware.c:1301:6:FDCAN2_intr0_IRQHandler	8	static
pdsv-hardware.c:1304:6:FDCAN2_intr1_IRQHandler	8	static
pdsv-hardware.c:1307:6:FDCAN3_intr0_IRQHandler	8	static
pdsv-hardware.c:1310:6:FDCAN3_intr1_IRQHandler	8	static
pdsv-hardware.c:1313:6:RNG_IRQHandler	8	static
pdsv-hardware.c:1316:6:LPUART1_IRQHandler	8	static
pdsv-hardware.c:1319:6:I2C3_EV_IRQHandler	8	static
pdsv-hardware.c:1322:6:I2C3_ER_IRQHandler	8	static
pdsv-hardware.c:1325:6:DMAMUX_OVR_IRQHandler	8	static
pdsv-hardware.c:1328:6:QUADSPI_IRQHandler	8	static
pdsv-hardware.c:1331:6:DMA1_Channel8_IRQHandler	8	static
pdsv-hardware.c:1334:6:DMA2_Channel6_IRQHandler	8	static
pdsv-hardware.c:1337:6:DMA2_Channel7_IRQHandler	8	static
pdsv-hardware.c:1340:6:DMA2_Channel8_IRQHandler	8	static
pdsv-hardware.c:1343:6:CORDIC_IRQHandler	8	static
pdsv-hardware.c:1346:6:FMAC_IRQHandler	8	static
